// Jest Snapshot v1, https://goo.gl/fbAQLP

exports[`Drawer component test component loads 1`] = `
<withApollo(ChatDrawer)
  _id="id"
  allUsers={Array []}
  avatar=""
  classes={
    Object {
      "avatars": "withApollo(ChatDrawer)-avatars-8",
      "bin": "withApollo(ChatDrawer)-bin-1",
      "button": "withApollo(ChatDrawer)-button-11",
      "buttonContainer": "withApollo(ChatDrawer)-buttonContainer-10",
      "drawer": "withApollo(ChatDrawer)-drawer-2",
      "drawerPaper": "withApollo(ChatDrawer)-drawerPaper-4",
      "mainAvatar": "withApollo(ChatDrawer)-mainAvatar-6",
      "mobileAvatars": "withApollo(ChatDrawer)-mobileAvatars-9",
      "mobileDrawer": "withApollo(ChatDrawer)-mobileDrawer-3",
      "mobileMainAvatar": "withApollo(ChatDrawer)-mobileMainAvatar-7",
      "mobilePaper": "withApollo(ChatDrawer)-mobilePaper-5",
    }
  }
  client={Object {}}
  firstName=""
  lastName=""
  onDrop={[Function]}
/>
`;
